// Jest Snapshot v1, https://goo.gl/fbAQLP

exports[`smoke test renders with no errors 1`] = `
<div
  className="container"
>
  <header>
    <h1>
      Peggys Photos
    </h1>
  </header>
  <div
    className="photos"
  >
    <div />
  </div>
  <div
    className="modal-container"
  />
</div>
`;
